INFO:root:log the line of execution
INFO:root:this is my print
WARNING:root:this is my warning msg
ERROR:root:this is my error msg
CRITICAL:root:this is my warning msg
INFO:root:This is my logging
ERROR:root:This is my error msg
CRITICAL:root:This is my critical
